// Jest Snapshot v1, https://goo.gl/fbAQLP

exports[`PartnersPage should render loader when fetching 1`] = `
<div>
  <WithStyles(CircularProgress)
    size={100}
  />
</div>
`;

exports[`PartnersPage should render partners list 1`] = `
<WithStyles(Paper)>
  <WithStyles(Toolbar)>
    <WithStyles(Typography)
      component="h2"
      gutterBottom={true}
      type="headline"
    >
      Partners
    </WithStyles(Typography)>
  </WithStyles(Toolbar)>
  <div>
    <WithStyles(Table)>
      <TableHead
        component="thead"
      >
        <WithStyles(TableRow)>
          <WithStyles(TableCell)>
            Nom
          </WithStyles(TableCell)>
          <WithStyles(TableCell)
            key="foo"
            numeric={true}
          >
            foo
          </WithStyles(TableCell)>
          <WithStyles(TableCell)
            key="baz"
            numeric={true}
          >
            baz
          </WithStyles(TableCell)>
          <WithStyles(TableCell)
            numeric={true}
          >
            Déjeuners
          </WithStyles(TableCell)>
          <WithStyles(TableCell)
            numeric={true}
          >
            Ticket restaurants
          </WithStyles(TableCell)>
        </WithStyles(TableRow)>
      </TableHead>
      <TableBody
        component="tbody"
      >
        <WithStyles(TableRow)
          classes={
            Object {
              "root": undefined,
            }
          }
          hover={true}
          key="my_anaconda_dont"
        >
          <WithStyles(TableCell)>
            hello
             
            world
          </WithStyles(TableCell)>
          <WithStyles(TableCell)
            key="foo"
            numeric={true}
          >
            10
          </WithStyles(TableCell)>
          <WithStyles(TableCell)
            key="baz"
            numeric={true}
          >
            0
          </WithStyles(TableCell)>
          <WithStyles(TableCell)
            numeric={true}
          />
          <WithStyles(TableCell)
            numeric={true}
          />
        </WithStyles(TableRow)>
      </TableBody>
    </WithStyles(Table)>
  </div>
  <table>
    <TableFooter
      component="tfoot"
    >
      <WithStyles(TableRow)>
        <WithStyles(TablePagination)
          count={250}
          labelDisplayedRows={[Function]}
          onChangePage={[Function]}
          onChangeRowsPerPage={[Function]}
          page={0}
          rowsPerPage={25}
          rowsPerPageOptions={
            Array [
              1,
              25,
              50,
              100,
            ]
          }
        />
      </WithStyles(TableRow)>
    </TableFooter>
  </table>
</WithStyles(Paper)>
`;
